******************************************************************************
                  MSP430 Linker PC v4.1.0                      
******************************************************************************
>> Linked Sun Dec 09 10:04:10 2012

OUTPUT FILE NAME:   <RFID2Demo.out>
ENTRY POINT SYMBOL: "_c_int00"  address: 00009038


MEMORY CONFIGURATION

         name            origin    length      used     unused   attr    fill
----------------------  --------  ---------  --------  --------  ----  --------
  SFR                   00000000   00000010  00000000  00000010  RWIX
  PERIPHERALS_8BIT      00000010   000000f0  00000000  000000f0  RWIX
  PERIPHERALS_16BIT     00000100   00000100  00000000  00000100  RWIX
  INFOD                 00001000   00000040  00000000  00000040  RWIX
  INFOC                 00001040   00000040  00000000  00000040  RWIX
  INFOB                 00001080   00000040  00000000  00000040  RWIX
  INFOA                 000010c0   00000040  00000000  00000040  RWIX
  RAM                   00001100   00001000  00000830  000007d0  RWIX
  FLASH                 00008000   00007fbe  00001222  00006d9c  RWIX
  INT00                 0000ffc0   00000002  00000000  00000002  RWIX
  INT01                 0000ffc2   00000002  00000000  00000002  RWIX
  INT02                 0000ffc4   00000002  00000000  00000002  RWIX
  INT03                 0000ffc6   00000002  00000000  00000002  RWIX
  INT04                 0000ffc8   00000002  00000000  00000002  RWIX
  INT05                 0000ffca   00000002  00000000  00000002  RWIX
  INT06                 0000ffcc   00000002  00000000  00000002  RWIX
  INT07                 0000ffce   00000002  00000000  00000002  RWIX
  INT08                 0000ffd0   00000002  00000000  00000002  RWIX
  INT09                 0000ffd2   00000002  00000000  00000002  RWIX
  INT10                 0000ffd4   00000002  00000000  00000002  RWIX
  INT11                 0000ffd6   00000002  00000000  00000002  RWIX
  INT12                 0000ffd8   00000002  00000000  00000002  RWIX
  INT13                 0000ffda   00000002  00000000  00000002  RWIX
  INT14                 0000ffdc   00000002  00000000  00000002  RWIX
  INT15                 0000ffde   00000002  00000000  00000002  RWIX
  INT16                 0000ffe0   00000002  00000000  00000002  RWIX
  INT17                 0000ffe2   00000002  00000002  00000000  RWIX
  INT18                 0000ffe4   00000002  00000000  00000002  RWIX
  INT19                 0000ffe6   00000002  00000000  00000002  RWIX
  INT20                 0000ffe8   00000002  00000000  00000002  RWIX
  INT21                 0000ffea   00000002  00000000  00000002  RWIX
  INT22                 0000ffec   00000002  00000000  00000002  RWIX
  INT23                 0000ffee   00000002  00000002  00000000  RWIX
  INT24                 0000fff0   00000002  00000000  00000002  RWIX
  INT25                 0000fff2   00000002  00000000  00000002  RWIX
  INT26                 0000fff4   00000002  00000000  00000002  RWIX
  INT27                 0000fff6   00000002  00000000  00000002  RWIX
  INT28                 0000fff8   00000002  00000000  00000002  RWIX
  INT29                 0000fffa   00000002  00000000  00000002  RWIX
  INT30                 0000fffc   00000002  00000000  00000002  RWIX
  RESET                 0000fffe   00000002  00000002  00000000  RWIX


SECTION ALLOCATION MAP

 output                                  attributes/
section   page    origin      length       input sections
--------  ----  ----------  ----------   ----------------
.cinit     0    00008000    00000000     UNINITIALIZED

.pinit     0    00008000    00000000     UNINITIALIZED

.bss       0    00001100    000007e0     UNINITIALIZED
                  00001100    000007d8     blink.obj (.bss)
                  000018d8    00000004     rts430.lib : _lock.obj (.bss)
                  000018dc    00000004                : boot.obj (.bss)

.stack     0    000020b0    00000050     UNINITIALIZED
                  000020b0    00000002     rts430.lib : boot.obj (.stack)
                  000020b2    0000004e     --HOLE--

.text      0    00008000    00001192     
                  00008000    000002f2     blink.obj (.text:read_block)
                  000082f2    000002ac     blink.obj (.text:single_slot_inventory)
                  0000859e    00000116     rts430.lib : _printfi_min.obj (.text:_setfield)
                  000086b4    000000fa     blink.obj (.text:main)
                  000087ae    000000e4     blink.obj (.text:initLCD)
                  00008892    000000ca     rts430.lib : _printfi_min.obj (.text:_printfi_minimal)
                  0000895c    000000c0     blink.obj (.text:ping_reader)
                  00008a1c    000000c0     blink.obj (.text:toggle_antenna_switch)
                  00008adc    0000008a     blink.obj (.text:turn_rf_off)
                  00008b66    0000007e     blink.obj (.text:set_output_mode)
                  00008be4    00000074     blink.obj (.text:writecom)
                  00008c58    00000062     blink.obj (.text:port_init)
                  00008cba    00000056     rts430.lib : _printfi_min.obj (.text:_ltostr)
                  00008d10    0000004e                : _printfi_min.obj (.text:_pproc_diouxp)
                  00008d5e    0000004c                : lsr16.obj (.text)
                  00008daa    00000046                : _printfi_min.obj (.text:_pproc_str)
                  00008df0    00000042     blink.obj (.text:uart_init)
                  00008e32    00000040     blink.obj (.text:update_lcd_line2)
                  00008e72    00000038     rts430.lib : sprintf.obj (.text:sprintf)
                  00008eaa    0000002e                : _printfi_min.obj (.text:_getarg_diouxp)
                  00008ed8    00000028     blink.obj (.text:USCI1RX_ISR_HOOK)
                  00008f00    00000028     rts430.lib : memccpy.obj (.text:memccpy)
                  00008f28    00000026     blink.obj (.text:send_buffer)
                  00008f4e    00000026     blink.obj (.text:write_int_to_LCD)
                  00008f74    00000022     blink.obj (.text:short_dly)
                  00008f96    00000022     blink.obj (.text:write_string_to_LCD)
                  00008fb8    00000020     blink.obj (.text:light_pressed)
                  00008fd8    00000020     blink.obj (.text:ping_pressed)
                  00008ff8    00000020     blink.obj (.text:rdblk_pressed)
                  00009018    00000020     blink.obj (.text:run_pressed)
                  00009038    0000001e     rts430.lib : boot.obj (.text:_c_int00_noinit_noexit)
                  00009056    0000001c     blink.obj (.text:antsw_pressed)
                  00009072    0000001c     blink.obj (.text:rfoff_pressed)
                  0000908e    0000001c     blink.obj (.text:stop_pressed)
                  000090aa    0000001a     rts430.lib : sprintf.obj (.text:_outs)
                  000090c4    00000018                : _printfi_min.obj (.text:_div)
                  000090dc    00000016                : div16u.obj (.text)
                  000090f2    00000014                : memset.obj (.text:memset)
                  00009106    00000014                : mult16_hw.obj (.text)
                  0000911a    00000012                : sprintf.obj (.text:_outc)
                  0000912c    00000012                : memcpy.obj (.text:memcpy)
                  0000913e    00000012                : strlen.obj (.text:strlen)
                  00009150    00000010                : epilog.obj (.text)
                  00009160    0000000e     blink.obj (.text:USCI0RX_ISR_HOOK)
                  0000916e    0000000e     blink.obj (.text:setup_interrupts)
                  0000917c    00000006     blink.obj (.text:enter_run_mode)
                  00009182    00000006     blink.obj (.text:exit_run_mode)
                  00009188    00000004     rts430.lib : pre_init.obj (.text:_system_pre_init)
                  0000918c    00000004                : exit.obj (.text:abort)
                  00009190    00000002                : _lock.obj (.text:_nop)

.const     0    00009192    00000090     
                  00009192    0000007c     blink.obj (.const:.string)
                  0000920e    00000014     rts430.lib : _printfi_min.obj (.const:.string)

.int17     0    0000ffe2    00000002     
                  0000ffe2    00000002     blink.obj (.int17)

.int23     0    0000ffee    00000002     
                  0000ffee    00000002     blink.obj (.int23)

.reset     0    0000fffe    00000002     
                  0000fffe    00000002     rts430.lib : boot.obj (.reset)


GLOBAL SYMBOLS: SORTED ALPHABETICALLY BY Name 

address    name
--------   ----
00001100   .bss
00008000   .text
00000057   BCSCTL1
00000058   BCSCTL2
00000053   BCSCTL3
0000918c   C$$EXIT
00000059   CACTL1
0000005a   CACTL2
000010fb   CALBC1_12MHZ
000010f9   CALBC1_16MHZ
000010ff   CALBC1_1MHZ
000010fd   CALBC1_8MHZ
000010fa   CALDCO_12MHZ
000010f8   CALDCO_16MHZ
000010fe   CALDCO_1MHZ
000010fc   CALDCO_8MHZ
0000005b   CAPD
00000056   DCOCTL
00000128   FCTL1
0000012a   FCTL2
0000012c   FCTL3
000001be   FCTL4
00000000   IE1
00000001   IE2
00000002   IFG1
00000003   IFG2
00008d5e   I_LSR
00008da4   I_LSR_1
00008d80   I_LSR_10
00008d7c   I_LSR_11
00008d78   I_LSR_12
00008d74   I_LSR_13
00008d70   I_LSR_14
00008d6c   I_LSR_15
00008da0   I_LSR_2
00008d9c   I_LSR_3
00008d98   I_LSR_4
00008d94   I_LSR_5
00008d90   I_LSR_6
00008d8c   I_LSR_7
00008d88   I_LSR_8
00008d84   I_LSR_9
00000134   MAC
00000136   MACS
00000130   MPY
00000132   MPYS
00000138   OP2
00000022   P1DIR
00000025   P1IE
00000024   P1IES
00000023   P1IFG
00000020   P1IN
00000021   P1OUT
00000027   P1REN
00000026   P1SEL
0000002a   P2DIR
0000002d   P2IE
0000002c   P2IES
0000002b   P2IFG
00000028   P2IN
00000029   P2OUT
0000002f   P2REN
0000002e   P2SEL
0000001a   P3DIR
00000018   P3IN
00000019   P3OUT
00000010   P3REN
0000001b   P3SEL
0000001e   P4DIR
0000001c   P4IN
0000001d   P4OUT
00000011   P4REN
0000001f   P4SEL
00000032   P5DIR
00000030   P5IN
00000031   P5OUT
00000012   P5REN
00000033   P5SEL
00000036   P6DIR
00000034   P6IN
00000035   P6OUT
00000013   P6REN
00000037   P6SEL
0000013c   RESHI
0000013a   RESLO
0000013e   SUMEXT
00000055   SVSCTL
00000172   TACCR0
00000174   TACCR1
00000176   TACCR2
00000162   TACCTL0
00000164   TACCTL1
00000166   TACCTL2
00000160   TACTL
0000012e   TAIV
00000170   TAR
00000192   TBCCR0
00000194   TBCCR1
00000196   TBCCR2
00000198   TBCCR3
0000019a   TBCCR4
0000019c   TBCCR5
0000019e   TBCCR6
00000182   TBCCTL0
00000184   TBCCTL1
00000186   TBCCTL2
00000188   TBCCTL3
0000018a   TBCCTL4
0000018c   TBCCTL5
0000018e   TBCCTL6
00000180   TBCTL
0000011e   TBIV
00000190   TBR
000010c0   TLV_CHECKSUM
000010f7   TLV_DCO_30_LEN
000010f6   TLV_DCO_30_TAG
00000006   UC1IE
00000007   UC1IFG
0000005d   UCA0ABCTL
00000062   UCA0BR0
00000063   UCA0BR1
00000060   UCA0CTL0
00000061   UCA0CTL1
0000005f   UCA0IRRCTL
0000005e   UCA0IRTCTL
00000064   UCA0MCTL
00000066   UCA0RXBUF
00000065   UCA0STAT
00000067   UCA0TXBUF
000000cd   UCA1ABCTL
000000d2   UCA1BR0
000000d3   UCA1BR1
000000d0   UCA1CTL0
000000d1   UCA1CTL1
000000cf   UCA1IRRCTL
000000ce   UCA1IRTCTL
000000d4   UCA1MCTL
000000d6   UCA1RXBUF
000000d5   UCA1STAT
000000d7   UCA1TXBUF
0000006a   UCB0BR0
0000006b   UCB0BR1
00000068   UCB0CTL0
00000069   UCB0CTL1
0000006c   UCB0I2CIE
00000118   UCB0I2COA
0000011a   UCB0I2CSA
0000006e   UCB0RXBUF
0000006d   UCB0STAT
0000006f   UCB0TXBUF
000000da   UCB1BR0
000000db   UCB1BR1
000000d8   UCB1CTL0
000000d9   UCB1CTL1
000000dc   UCB1I2CIE
0000017c   UCB1I2COA
0000017e   UCB1I2CSA
000000de   UCB1RXBUF
000000dd   UCB1STAT
000000df   UCB1TXBUF
00009160   USCI0RX_ISR_HOOK
00008ed8   USCI1RX_ISR_HOOK
00000120   WDTCTL
00002100   __STACK_END
00000050   __STACK_SIZE
00000001   __TI_args_main
00000001   __TI_auto_init
00000001   __TI_exit
ffffffff   __binit__
00001100   __bss__
ffffffff   __c_args__
ffffffff   __cinit__
000090dc   __divu
000018e0   __end__
00009192   __etext__
00009106   __mpyi_hw
ffffffff   __pinit__
000090dc   __remu
00008000   __text__
00009038   _c_int00
00009038   _c_int00_noinit_noexit
000018dc   _cleanup_ptr
000018de   _dtors_ptr
000018d8   _lock
00009190   _nop
00008892   _printfi_minimal
0000fffe   _reset_vector
000020b0   _stack
00009188   _system_pre_init
000018da   _unlock
0000918c   abort
00009056   antsw_pressed
000014ea   big_buffer_rx
00001102   big_buffer_tx
ffffffff   binit
000018d7   blkaddr
ffffffff   cinit
000018d4   currentantswstate
000018d5   currentbaudrate
000018e0   end
0000917c   enter_run_mode
00009192   etext
00009182   exit_run_mode
0000915c   func_epilog_1
0000915a   func_epilog_2
00009158   func_epilog_3
00009156   func_epilog_4
00009154   func_epilog_5
00009152   func_epilog_6
00009150   func_epilog_7
000087ae   initLCD
00001100   keep_local
00008fb8   light_pressed
000086b4   main
00008f00   memccpy
0000912c   memcpy
000090f2   memset
00008fd8   ping_pressed
0000895c   ping_reader
ffffffff   pinit
00008c58   port_init
00008ff8   rdblk_pressed
00008000   read_block
00009072   rfoff_pressed
000018d6   run_mode
00009018   run_pressed
000018d2   rx_index
00008f28   send_buffer
00008b66   set_output_mode
0000916e   setup_interrupts
00008f74   short_dly
000082f2   single_slot_inventory
00008e72   sprintf
0000908e   stop_pressed
0000913e   strlen
00008a1c   toggle_antenna_switch
00008adc   turn_rf_off
00008df0   uart_init
00008e32   update_lcd_line2
00008f4e   write_int_to_LCD
00008f96   write_string_to_LCD
00008be4   writecom


GLOBAL SYMBOLS: SORTED BY Symbol Address 

address    name
--------   ----
00000000   IE1
00000001   IE2
00000001   __TI_args_main
00000001   __TI_auto_init
00000001   __TI_exit
00000002   IFG1
00000003   IFG2
00000006   UC1IE
00000007   UC1IFG
00000010   P3REN
00000011   P4REN
00000012   P5REN
00000013   P6REN
00000018   P3IN
00000019   P3OUT
0000001a   P3DIR
0000001b   P3SEL
0000001c   P4IN
0000001d   P4OUT
0000001e   P4DIR
0000001f   P4SEL
00000020   P1IN
00000021   P1OUT
00000022   P1DIR
00000023   P1IFG
00000024   P1IES
00000025   P1IE
00000026   P1SEL
00000027   P1REN
00000028   P2IN
00000029   P2OUT
0000002a   P2DIR
0000002b   P2IFG
0000002c   P2IES
0000002d   P2IE
0000002e   P2SEL
0000002f   P2REN
00000030   P5IN
00000031   P5OUT
00000032   P5DIR
00000033   P5SEL
00000034   P6IN
00000035   P6OUT
00000036   P6DIR
00000037   P6SEL
00000050   __STACK_SIZE
00000053   BCSCTL3
00000055   SVSCTL
00000056   DCOCTL
00000057   BCSCTL1
00000058   BCSCTL2
00000059   CACTL1
0000005a   CACTL2
0000005b   CAPD
0000005d   UCA0ABCTL
0000005e   UCA0IRTCTL
0000005f   UCA0IRRCTL
00000060   UCA0CTL0
00000061   UCA0CTL1
00000062   UCA0BR0
00000063   UCA0BR1
00000064   UCA0MCTL
00000065   UCA0STAT
00000066   UCA0RXBUF
00000067   UCA0TXBUF
00000068   UCB0CTL0
00000069   UCB0CTL1
0000006a   UCB0BR0
0000006b   UCB0BR1
0000006c   UCB0I2CIE
0000006d   UCB0STAT
0000006e   UCB0RXBUF
0000006f   UCB0TXBUF
000000cd   UCA1ABCTL
000000ce   UCA1IRTCTL
000000cf   UCA1IRRCTL
000000d0   UCA1CTL0
000000d1   UCA1CTL1
000000d2   UCA1BR0
000000d3   UCA1BR1
000000d4   UCA1MCTL
000000d5   UCA1STAT
000000d6   UCA1RXBUF
000000d7   UCA1TXBUF
000000d8   UCB1CTL0
000000d9   UCB1CTL1
000000da   UCB1BR0
000000db   UCB1BR1
000000dc   UCB1I2CIE
000000dd   UCB1STAT
000000de   UCB1RXBUF
000000df   UCB1TXBUF
00000118   UCB0I2COA
0000011a   UCB0I2CSA
0000011e   TBIV
00000120   WDTCTL
00000128   FCTL1
0000012a   FCTL2
0000012c   FCTL3
0000012e   TAIV
00000130   MPY
00000132   MPYS
00000134   MAC
00000136   MACS
00000138   OP2
0000013a   RESLO
0000013c   RESHI
0000013e   SUMEXT
00000160   TACTL
00000162   TACCTL0
00000164   TACCTL1
00000166   TACCTL2
00000170   TAR
00000172   TACCR0
00000174   TACCR1
00000176   TACCR2
0000017c   UCB1I2COA
0000017e   UCB1I2CSA
00000180   TBCTL
00000182   TBCCTL0
00000184   TBCCTL1
00000186   TBCCTL2
00000188   TBCCTL3
0000018a   TBCCTL4
0000018c   TBCCTL5
0000018e   TBCCTL6
00000190   TBR
00000192   TBCCR0
00000194   TBCCR1
00000196   TBCCR2
00000198   TBCCR3
0000019a   TBCCR4
0000019c   TBCCR5
0000019e   TBCCR6
000001be   FCTL4
000010c0   TLV_CHECKSUM
000010f6   TLV_DCO_30_TAG
000010f7   TLV_DCO_30_LEN
000010f8   CALDCO_16MHZ
000010f9   CALBC1_16MHZ
000010fa   CALDCO_12MHZ
000010fb   CALBC1_12MHZ
000010fc   CALDCO_8MHZ
000010fd   CALBC1_8MHZ
000010fe   CALDCO_1MHZ
000010ff   CALBC1_1MHZ
00001100   .bss
00001100   __bss__
00001100   keep_local
00001102   big_buffer_tx
000014ea   big_buffer_rx
000018d2   rx_index
000018d4   currentantswstate
000018d5   currentbaudrate
000018d6   run_mode
000018d7   blkaddr
000018d8   _lock
000018da   _unlock
000018dc   _cleanup_ptr
000018de   _dtors_ptr
000018e0   __end__
000018e0   end
000020b0   _stack
00002100   __STACK_END
00008000   .text
00008000   __text__
00008000   read_block
000082f2   single_slot_inventory
000086b4   main
000087ae   initLCD
00008892   _printfi_minimal
0000895c   ping_reader
00008a1c   toggle_antenna_switch
00008adc   turn_rf_off
00008b66   set_output_mode
00008be4   writecom
00008c58   port_init
00008d5e   I_LSR
00008d6c   I_LSR_15
00008d70   I_LSR_14
00008d74   I_LSR_13
00008d78   I_LSR_12
00008d7c   I_LSR_11
00008d80   I_LSR_10
00008d84   I_LSR_9
00008d88   I_LSR_8
00008d8c   I_LSR_7
00008d90   I_LSR_6
00008d94   I_LSR_5
00008d98   I_LSR_4
00008d9c   I_LSR_3
00008da0   I_LSR_2
00008da4   I_LSR_1
00008df0   uart_init
00008e32   update_lcd_line2
00008e72   sprintf
00008ed8   USCI1RX_ISR_HOOK
00008f00   memccpy
00008f28   send_buffer
00008f4e   write_int_to_LCD
00008f74   short_dly
00008f96   write_string_to_LCD
00008fb8   light_pressed
00008fd8   ping_pressed
00008ff8   rdblk_pressed
00009018   run_pressed
00009038   _c_int00
00009038   _c_int00_noinit_noexit
00009056   antsw_pressed
00009072   rfoff_pressed
0000908e   stop_pressed
000090dc   __divu
000090dc   __remu
000090f2   memset
00009106   __mpyi_hw
0000912c   memcpy
0000913e   strlen
00009150   func_epilog_7
00009152   func_epilog_6
00009154   func_epilog_5
00009156   func_epilog_4
00009158   func_epilog_3
0000915a   func_epilog_2
0000915c   func_epilog_1
00009160   USCI0RX_ISR_HOOK
0000916e   setup_interrupts
0000917c   enter_run_mode
00009182   exit_run_mode
00009188   _system_pre_init
0000918c   C$$EXIT
0000918c   abort
00009190   _nop
00009192   __etext__
00009192   etext
0000fffe   _reset_vector
ffffffff   __binit__
ffffffff   __c_args__
ffffffff   __cinit__
ffffffff   __pinit__
ffffffff   binit
ffffffff   cinit
ffffffff   pinit

[242 symbols]
